// Jest Snapshot v1, https://goo.gl/fbAQLP

exports[`renders html features 1`] = `
<div
  className="component"
>
  <h1>
    product highlights
  </h1>
  <li
    dangerouslySetInnerHTML={
      Object {
        "__html": "<strong>Painter:</strong> Bob Ross",
      }
    }
    key="0"
  />
  <li
    dangerouslySetInnerHTML={
      Object {
        "__html": "<strong>Brushes Included:</strong> 3 ",
      }
    }
    key="1"
  />
  <li
    dangerouslySetInnerHTML={
      Object {
        "__html": "<strong>Paints Included:</strong> 7",
      }
    }
    key="2"
  />
  <li
    dangerouslySetInnerHTML={
      Object {
        "__html": "<strong>Includes:</strong> Paint",
      }
    }
    key="3"
  />
</div>
`;
